[debug] [2026-07-26T14:35:10.700Z] : 
[debug] [2026-07-26T14:35:10.701Z] : ----------------------------------------------------------------------
[debug] [2026-07-26T14:35:10.701Z] : Command:      /Users/trishitghosh/.nvm/versions/node/v22.23.1/bin/node /Users/trishitghosh/.nvm/versions/node/v20.20.2/bin/catalyst serve
[debug] [2026-07-26T14:35:10.702Z] : CLI Version:  1.26.1
[debug] [2026-07-26T14:35:10.702Z] : Platform:     darwin
[debug] [2026-07-26T14:35:10.702Z] : Node Version: v22.23.1
[debug] [2026-07-26T14:35:10.702Z] : Time:         Sun Jul 26 2026 20:05:10 GMT+0530 (India Standard Time)
[debug] [2026-07-26T14:35:10.702Z] : ----------------------------------------------------------------------
[debug] [2026-07-26T14:35:10.702Z] : 
[debug] [2026-07-26T14:35:11.076Z] : > authorizing via signed-in user option
[debug] [2026-07-26T14:35:11.076Z] : > command requires scopes: ["ZohoCatalyst.projects.ALL","ZohoCatalyst.apigateway.apis.READ","ZohoCatalyst.apigateway.READ","ZohoCatalyst.segments.ALL","ZohoCatalyst.cache.READ","ZohoCatalyst.cache.CREATE","ZohoCatalyst.cache.DELETE","ZohoCatalyst.projects.ALL","ZohoCatalyst.cron.ALL","ZohoCatalyst.zcql.CREATE","ZohoCatalyst.projects.users.READ","ZohoCatalyst.projects.users.CREATE","ZohoCatalyst.projects.users.DELETE","ZohoCatalyst.projects.users.UPDATE","ZohoCatalyst.authentication.CREATE","ZohoCatalyst.email.CREATE","ZohoCatalyst.tables.ALL","ZohoCatalyst.tables.rows.ALL","ZohoCatalyst.tables.columns.ALL","ZohoCatalyst.tables.bulk.CREATE","ZohoCatalyst.tables.bulk.READ","ZohoCatalyst.folders.ALL","ZohoCatalyst.files.CREATE","ZohoCatalyst.files.READ","ZohoCatalyst.files.DELETE","ZohoCatalyst.functions.ALL","ZohoCatalyst.functions.EXECUTE","ZohoCatalyst.eventlistners.ALL","ZohoCatalyst.eventlisteners.produce","ZohoCatalyst.security.rules.Read","ZohoCatalyst.security.rules.Update","ZohoCatalyst.notifications.mobile","ZohoCatalyst.notifications.web","ZohoCatalyst.search.READ","ZohoCatalyst.mlkit.READ","QuickML.deployment.READ","ZohoCatalyst.pdfshot.execute","ZohoCatalyst.grid.READ","ZohoCatalyst.grid.terminate","ZohoCatalyst.circuits.execution.DELETE","ZohoCatalyst.circuits.execution.READ","ZohoCatalyst.circuits.execute","ZohoCatalyst.appsail.Read","ZohoCatalyst.jobpool.READ","ZohoCatalyst.job.ALL","ZohoCatalyst.nosql.READ","ZohoCatalyst.nosql.rows.ALL"]
[debug] [2026-07-26T14:35:11.086Z] : >>>> HTTP REQUEST : GET https://api.catalyst.zoho.in/baas/v1/project/52333000000013048 

[debug] [2026-07-26T14:35:11.281Z] : <<<< HTTP RESPONSE : 200
Response Headers: {"server":"ZGS","date":"Sun, 26 Jul 2026 14:35:11 GMT","content-type":"application/vnd.catalyst.v2+json","transfer-encoding":"chunked","connection":"keep-alive","x-content-type-options":"nosniff","cache-control":"private,no-cache,no-store,max-age=0,must-revalidate","pragma":"no-cache","expires":"Thu, 01 Jan 1970 00:00:00 GMT","x-frame-options":"DENY","strict-transport-security":"max-age=64072000; includeSubDomains; preload"}

[debug] [2026-07-26T14:35:11.283Z] : >>>> HTTP REQUEST : GET https://api.catalyst.zoho.in/baas/v1/project/52333000000013048/environment 

[debug] [2026-07-26T14:35:11.375Z] : <<<< HTTP RESPONSE : 200
Response Headers: {"server":"ZGS","date":"Sun, 26 Jul 2026 14:35:11 GMT","content-type":"application/vnd.catalyst.v2+json","transfer-encoding":"chunked","connection":"keep-alive","x-content-type-options":"nosniff","cache-control":"private,no-cache,no-store,max-age=0,must-revalidate","pragma":"no-cache","expires":"Thu, 01 Jan 1970 00:00:00 GMT","x-frame-options":"DENY","strict-transport-security":"max-age=64072000; includeSubDomains; preload"}

[debug] [2026-07-26T14:35:11.432Z] : http port : '3000' is not available. Hence port '3001' will be used instead.
[debug] [2026-07-26T14:35:11.433Z] : No basic functions to add
[debug] [2026-07-26T14:35:11.456Z] : No API Gateway configuration found. Skipping API Gateway rules
[info] [2026-07-26T14:35:11.560Z] : 
[info] [2026-07-26T14:35:11.560Z] :  >>>>>>>>>>>>>> AppSail <<<<<<<<<<<<<< 
[info] [2026-07-26T14:35:11.560Z] : ℹ pols-backend: http://localhost:3001
[info] [2026-07-26T14:35:11.560Z] : 
[info] [2026-07-26T14:35:15.805Z] : [1785076515804]  Appsail[pols-backend]  "POST"  "/api/fir/upload"
